push 
pull
repository
local 




Hamza Khan@DESKTOP-0J2G7J9 MINGW64 ~/Downloads/PIAC/vs code (master)
$ git init
Initialized empty Git repository in C:/Users/Hamza Khan/Downloads/PIAC/vs code/.git/

Hamza Khan@DESKTOP-0J2G7J9 MINGW64 ~/Downloads/PIAC/vs code (master)
$ git status
On branch master

No commits yet

Untracked files:
  (use "git add <file>..." to include in what will be committed)

        git test.txt
        revision.py
        test.py

nothing added to commit but untracked files present (use "git add" to track)

Hamza Khan@DESKTOP-0J2G7J9 MINGW64 ~/Downloads/PIAC/vs code (master)
$ git add ?
fatal: pathspec '?' did not match any files

Hamza Khan@DESKTOP-0J2G7J9 MINGW64 ~/Downloads/PIAC/vs code (master)
$ git add
Nothing specified, nothing added.
Maybe you wanted to say 'git add .'?

Hamza Khan@DESKTOP-0J2G7J9 MINGW64 ~/Downloads/PIAC/vs code (master)
$ git add .

Hamza Khan@DESKTOP-0J2G7J9 MINGW64 ~/Downloads/PIAC/vs code (master)
$ git status
On branch master

No commits yet

Changes to be committed:
  (use "git rm --cached <file>..." to unstage)

        new file:   git test.txt
        new file:   revision.py
        new file:   test.py



